Testing Firestore connection for project: sentient-ai-browser...
